-------------------------------------------

Agent P1 plays TEST5


    0 1 2 
    - - - 
 0| 0 1 m 
 1| 0 1 1 
 2| 0 b 0 

Start!
Final map

    0 1 2 
    - - - 
 0| 0 1 - 
 1| 0 1 ? 
 2| 0 b ? 


Result: Agent dead: found mine

