-------------------------------------------

Agent P4 plays TEST6


    0 1 2 
    - - - 
 0| 0 b 0 
 1| b 2 2 
 2| 1 m m 

Start!
Final map

    0 1 2 
    - - - 
 0| 0 b ? 
 1| b 2 ? 
 2| ? ? ? 

Result: Agent not terminated
