-------------------------------------------

Agent P1 plays TEST4


    0 1 2 
    - - - 
 0| 0 1 m 
 1| 0 2 2 
 2| b 1 m 

Start!

    0 1 2 
    - - - 
 0| ? ? ? 
 1| ? ? ? 
 2| b ? ? 


    0 1 2 
    - - - 
 0| 0 1 ? 
 1| 0 2 ? 
 2| b 1 ? 

Final map

    0 1 2 
    - - - 
 0| 0 1 - 
 1| 0 2 ? 
 2| b 1 ? 


Result: Agent dead: found mine

