-------------------------------------------

Agent P2 plays TEST3


    0 1 2 
    - - - 
 0| 0 0 b 
 1| 1 1 1 
 2| 1 m 1 

Start!
Final map

    0 1 2 
    - - - 
 0| 0 0 b 
 1| 1 1 1 
 2| ? ? ? 


Result: Agent not terminated

